[sainathchillapuram.com/BS/mediplus/hosptails/html-fullwidth/index.html]
[backblue.gif]
[fade.gif]
[index.html]
[sainathchillapuram.com/BS/mediplus/hosptails/html-fullwidth/css/bootstrap.min.css]
[sainathchillapuram.com/BS/mediplus/hosptails/html-fullwidth/font-awesome/css/font-awesome.min.css]
[sainathchillapuram.com/BS/mediplus/hosptails/html-fullwidth/js/plugins/camera/css/camera.css]
[sainathchillapuram.com/BS/mediplus/hosptails/html-fullwidth/js/plugins/magnific-popup/magnific-popup.css]
[sainathchillapuram.com/BS/mediplus/hosptails/html-fullwidth/css/responsive.css]
[sainathchillapuram.com/BS/mediplus/hosptails/html-fullwidth/css/style.css]
[sainathchillapuram.com/BS/mediplus/hosptails/html-fullwidth/images/fav-144.png]
[sainathchillapuram.com/BS/mediplus/hosptails/html-fullwidth/images/fav-114.png]
[sainathchillapuram.com/BS/mediplus/hosptails/html-fullwidth/images/fav-72.png]
[sainathchillapuram.com/BS/mediplus/hosptails/html-fullwidth/images/fav-57.png]
[sainathchillapuram.com/BS/mediplus/hosptails/html-fullwidth/images/fav.png]
[sainathchillapuram.com/BS/mediplus/hosptails/html-fullwidth/index-2.html]
[sainathchillapuram.com/BS/mediplus/hosptails/html-fullwidth/about.html]
[sainathchillapuram.com/BS/mediplus/hosptails/html-fullwidth/services.html]
[sainathchillapuram.com/BS/mediplus/hosptails/html-fullwidth/doctors.html]
[sainathchillapuram.com/BS/mediplus/hosptails/html-fullwidth/doctor-profile.html]
[sainathchillapuram.com/BS/mediplus/hosptails/html-fullwidth/gallery.html]
[sainathchillapuram.com/BS/mediplus/hosptails/html-fullwidth/faqs.html]
[sainathchillapuram.com/BS/mediplus/hosptails/html-fullwidth/typography.html]
[sainathchillapuram.com/BS/mediplus/hosptails/html-fullwidth/404.html]
[sainathchillapuram.com/BS/mediplus/hosptails/html-fullwidth/news-single.html]
[sainathchillapuram.com/BS/mediplus/hosptails/html-fullwidth/contact.html]
[sainathchillapuram.com/BS/mediplus/hosptails/html-fullwidth/news.html]
[sainathchillapuram.com/BS/mediplus/hosptails/html-fullwidth/images/slider/slider-img1.jpg]
[sainathchillapuram.com/BS/mediplus/hosptails/html-fullwidth/images/slider/slider-img2.jpg]
[sainathchillapuram.com/BS/mediplus/hosptails/html-fullwidth/images/slider/slider-img3.jpg]
[sainathchillapuram.com/BS/mediplus/hosptails/html-fullwidth/images/image1.jpg]
[sainathchillapuram.com/BS/mediplus/hosptails/html-fullwidth/images/doctors/doctor-bio-img1.jpg]
[sainathchillapuram.com/BS/mediplus/hosptails/html-fullwidth/images/doctors/doctor-bio-img2.jpg]
[sainathchillapuram.com/BS/mediplus/hosptails/html-fullwidth/images/doctors/doctor-bio-img3.jpg]
[sainathchillapuram.com/BS/mediplus/hosptails/html-fullwidth/images/doctors/doctor-bio-img4.jpg]
[sainathchillapuram.com/BS/mediplus/hosptails/html-fullwidth/images/icons/band-aid.png]
[sainathchillapuram.com/BS/mediplus/hosptails/html-fullwidth/images/icons/tooth.png]
[sainathchillapuram.com/BS/mediplus/hosptails/html-fullwidth/images/icons/ambulance.png]
[sainathchillapuram.com/BS/mediplus/hosptails/html-fullwidth/images/icons/nurse.png]
[sainathchillapuram.com/BS/mediplus/hosptails/html-fullwidth/images/icons/saline-bottle.png]
[sainathchillapuram.com/BS/mediplus/hosptails/html-fullwidth/images/icons/stethoscope.png]
[sainathchillapuram.com/BS/mediplus/hosptails/html-fullwidth/images/news/news-thumb-img1.jpg]
[sainathchillapuram.com/BS/mediplus/hosptails/html-fullwidth/images/news/news-thumb-img2.jpg]
[sainathchillapuram.com/BS/mediplus/hosptails/html-fullwidth/images/appointment-booking-img1.png]
[sainathchillapuram.com/BS/mediplus/hosptails/html-fullwidth/js/jquery-migrate-1.2.1.min.js]
[sainathchillapuram.com/BS/mediplus/hosptails/html-fullwidth/js/bootstrap.min.js]
[sainathchillapuram.com/BS/mediplus/hosptails/html-fullwidth/js/jquery-1.11.3.min.js]
[sainathchillapuram.com/BS/mediplus/hosptails/html-fullwidth/js/plugins/camera/js/jquery.easing.1.3.js]
[sainathchillapuram.com/BS/mediplus/hosptails/html-fullwidth/js/plugins/shuffle/jquery.shuffle.modernizr.min.js]
[sainathchillapuram.com/BS/mediplus/hosptails/html-fullwidth/js/plugins/camera/js/camera.min.js]
[maps.googleapis.com/maps/api/js]
[sainathchillapuram.com/BS/mediplus/hosptails/html-fullwidth/index.html]
[sainathchillapuram.com/BS/mediplus/hosptails/html-fullwidth/js/plugins/magnific-popup/jquery.magnific-popup.min.js]
[sainathchillapuram.com/BS/mediplus/hosptails/html-fullwidth/js/custom.js]
[sainathchillapuram.com/BS/mediplus/hosptails/html-fullwidth/js/plugins/camera/js/jquery.mobile.customized.min.js]
[sainathchillapuram.com/BS/mediplus/hosptails/html-fullwidth/fonts/glyphicons-halflings-regular.eot]
[sainathchillapuram.com/BS/mediplus/hosptails/html-fullwidth/fonts/glyphicons-halflings-regulard41d.eot]
[sainathchillapuram.com/BS/mediplus/hosptails/html-fullwidth/fonts/glyphicons-halflings-regular.woff]
[sainathchillapuram.com/BS/mediplus/hosptails/html-fullwidth/fonts/glyphicons-halflings-regular.woff2]
[sainathchillapuram.com/BS/mediplus/hosptails/html-fullwidth/fonts/glyphicons-halflings-regular.ttf]
[sainathchillapuram.com/BS/mediplus/hosptails/html-fullwidth/css/bootstrap.min.css]
[fonts.googleapis.com/css0733.css]
[fonts.googleapis.com/cssd264.css]
[sainathchillapuram.com/BS/mediplus/hosptails/html-fullwidth/font-awesome/fonts/fontawesome-webfont93e3.eot]
[sainathchillapuram.com/BS/mediplus/hosptails/html-fullwidth/font-awesome/fonts/fontawesome-webfontd41d.eot]
[sainathchillapuram.com/BS/mediplus/hosptails/html-fullwidth/font-awesome/fonts/fontawesome-webfont93e3.woff]
[sainathchillapuram.com/BS/mediplus/hosptails/html-fullwidth/font-awesome/fonts/fontawesome-webfont93e3.ttf]
[sainathchillapuram.com/BS/mediplus/hosptails/html-fullwidth/font-awesome/fonts/fontawesome-webfont93e3.woff2]
[sainathchillapuram.com/BS/mediplus/hosptails/html-fullwidth/font-awesome/css/font-awesome.min.css]
[sainathchillapuram.com/BS/mediplus/hosptails/html-fullwidth/js/plugins/camera/images/blank.gif]
[sainathchillapuram.com/BS/mediplus/hosptails/html-fullwidth/js/plugins/camera/images/camera-loader.gif]
[sainathchillapuram.com/BS/mediplus/hosptails/html-fullwidth/js/plugins/camera/images/camera_skins.png]
[sainathchillapuram.com/BS/mediplus/hosptails/html-fullwidth/js/plugins/camera/images/patterns/overlay1.png]
[sainathchillapuram.com/BS/mediplus/hosptails/html-fullwidth/js/plugins/camera/images/patterns/overlay2.png]
[sainathchillapuram.com/BS/mediplus/hosptails/html-fullwidth/js/plugins/camera/images/patterns/overlay3.png]
[sainathchillapuram.com/BS/mediplus/hosptails/html-fullwidth/js/plugins/camera/images/patterns/overlay4.png]
[sainathchillapuram.com/BS/mediplus/hosptails/html-fullwidth/js/plugins/camera/images/patterns/overlay5.png]
[sainathchillapuram.com/BS/mediplus/hosptails/html-fullwidth/js/plugins/camera/images/patterns/overlay6.png]
[sainathchillapuram.com/BS/mediplus/hosptails/html-fullwidth/js/plugins/camera/images/patterns/overlay7.png]
[sainathchillapuram.com/BS/mediplus/hosptails/html-fullwidth/js/plugins/camera/images/patterns/overlay8.png]
[sainathchillapuram.com/BS/mediplus/hosptails/html-fullwidth/js/plugins/camera/images/patterns/overlay9.png]
[sainathchillapuram.com/BS/mediplus/hosptails/html-fullwidth/js/plugins/camera/css/camera.css]
[sainathchillapuram.com/BS/mediplus/hosptails/html-fullwidth/js/plugins/magnific-popup/magnific-popup.css]
[sainathchillapuram.com/BS/mediplus/hosptails/html-fullwidth/js/plugins/camera/images/patterns/overlay10.png]
[sainathchillapuram.com/BS/mediplus/hosptails/html-fullwidth/images/banners/banner-img1.jpg]
[sainathchillapuram.com/BS/mediplus/hosptails/html-fullwidth/images/banners/banner-img2.jpg]
[sainathchillapuram.com/BS/mediplus/hosptails/html-fullwidth/images/banners/banner-img3.jpg]
[sainathchillapuram.com/BS/mediplus/hosptails/html-fullwidth/images/banners/banner-img4.jpg]
[sainathchillapuram.com/BS/mediplus/hosptails/html-fullwidth/images/banners/banner-img5.jpg]
[sainathchillapuram.com/BS/mediplus/hosptails/html-fullwidth/images/banners/banner-img6.jpg]
[sainathchillapuram.com/BS/mediplus/hosptails/html-fullwidth/images/banners/banner-img7.jpg]
[sainathchillapuram.com/BS/mediplus/hosptails/html-fullwidth/images/about/about-img1.jpg]
[sainathchillapuram.com/BS/mediplus/hosptails/html-fullwidth/images/about/about-services-bg.jpg]
[sainathchillapuram.com/BS/mediplus/hosptails/html-fullwidth/css/style.css]
[sainathchillapuram.com/BS/mediplus/hosptails/html-fullwidth/css/responsive.css]
[sainathchillapuram.com/BS/mediplus/hosptails/html-fullwidth/images/fav-144.html]
[sainathchillapuram.com/BS/mediplus/hosptails/html-fullwidth/images/fav-114.html]
[sainathchillapuram.com/BS/mediplus/hosptails/html-fullwidth/images/fav-72.html]
[sainathchillapuram.com/BS/mediplus/hosptails/html-fullwidth/images/fav-57.html]
[sainathchillapuram.com/BS/mediplus/hosptails/html-fullwidth/images/fav.html]
[sainathchillapuram.com/BS/mediplus/hosptails/html-fullwidth/index-2.html]
[sainathchillapuram.com/BS/mediplus/hosptails/html-fullwidth/images/image2.jpg]
[sainathchillapuram.com/BS/mediplus/hosptails/html-fullwidth/images/image3.jpg]
[sainathchillapuram.com/BS/mediplus/hosptails/html-fullwidth/images/image4.jpg]
[sainathchillapuram.com/BS/mediplus/hosptails/html-fullwidth/about.html]
[sainathchillapuram.com/BS/mediplus/hosptails/html-fullwidth/images/news/news-thumb-img3.jpg]
[sainathchillapuram.com/BS/mediplus/hosptails/html-fullwidth/images/news/news-thumb-img4.jpg]
[sainathchillapuram.com/BS/mediplus/hosptails/html-fullwidth/images/news/news-thumb-img5.jpg]
[sainathchillapuram.com/BS/mediplus/hosptails/html-fullwidth/services.html]
[sainathchillapuram.com/BS/mediplus/hosptails/html-fullwidth/images/news/news-thumb-img6.jpg]
[sainathchillapuram.com/BS/mediplus/hosptails/html-fullwidth/images/doctors/doctor-bio-img5.jpg]
[sainathchillapuram.com/BS/mediplus/hosptails/html-fullwidth/images/doctors/doctor-bio-img14.jpg]
[sainathchillapuram.com/BS/mediplus/hosptails/html-fullwidth/images/doctors/doctor-bio-img17.jpg]
[sainathchillapuram.com/BS/mediplus/hosptails/html-fullwidth/images/doctors/doctor-bio-img7.jpg]
[sainathchillapuram.com/BS/mediplus/hosptails/html-fullwidth/images/doctors/doctor-bio-img8.jpg]
[sainathchillapuram.com/BS/mediplus/hosptails/html-fullwidth/images/doctors/doctor-bio-img9.jpg]
[sainathchillapuram.com/BS/mediplus/hosptails/html-fullwidth/images/doctors/doctor-bio-img10.jpg]
[sainathchillapuram.com/BS/mediplus/hosptails/html-fullwidth/images/doctors/doctor-bio-img11.jpg]
[sainathchillapuram.com/BS/mediplus/hosptails/html-fullwidth/images/doctors/doctor-bio-img12.jpg]
[sainathchillapuram.com/BS/mediplus/hosptails/html-fullwidth/images/doctors/doctor-bio-img13.jpg]
[sainathchillapuram.com/BS/mediplus/hosptails/html-fullwidth/images/doctors/doctor-bio-img15.jpg]
[sainathchillapuram.com/BS/mediplus/hosptails/html-fullwidth/doctors.html]
[sainathchillapuram.com/BS/mediplus/hosptails/html-fullwidth/images/doctors/doctor-bio-img16.jpg]
[sainathchillapuram.com/BS/mediplus/hosptails/html-fullwidth/images/doctors/doctor-bio-img6.jpg]
[sainathchillapuram.com/BS/mediplus/hosptails/html-fullwidth/doctor-profile.html]
[sainathchillapuram.com/BS/mediplus/hosptails/html-fullwidth/images/gallery/thumb/gallery-thumb-img1.jpg]
[sainathchillapuram.com/BS/mediplus/hosptails/html-fullwidth/images/gallery/big/gallery-big-img1.jpg]
[sainathchillapuram.com/BS/mediplus/hosptails/html-fullwidth/images/gallery/thumb/gallery-thumb-img2.jpg]
[sainathchillapuram.com/BS/mediplus/hosptails/html-fullwidth/images/gallery/big/gallery-big-img2.jpg]
[sainathchillapuram.com/BS/mediplus/hosptails/html-fullwidth/images/gallery/thumb/gallery-thumb-img3.jpg]
[sainathchillapuram.com/BS/mediplus/hosptails/html-fullwidth/images/gallery/big/gallery-big-img3.jpg]
[sainathchillapuram.com/BS/mediplus/hosptails/html-fullwidth/images/gallery/thumb/gallery-thumb-img4.jpg]
[sainathchillapuram.com/BS/mediplus/hosptails/html-fullwidth/images/gallery/big/gallery-big-img4.jpg]
[sainathchillapuram.com/BS/mediplus/hosptails/html-fullwidth/images/gallery/thumb/gallery-thumb-img5.jpg]
[sainathchillapuram.com/BS/mediplus/hosptails/html-fullwidth/images/gallery/big/gallery-big-img5.jpg]
[sainathchillapuram.com/BS/mediplus/hosptails/html-fullwidth/images/gallery/thumb/gallery-thumb-img6.jpg]
[sainathchillapuram.com/BS/mediplus/hosptails/html-fullwidth/images/gallery/big/gallery-big-img6.jpg]
[sainathchillapuram.com/BS/mediplus/hosptails/html-fullwidth/images/gallery/thumb/gallery-thumb-img7.jpg]
[sainathchillapuram.com/BS/mediplus/hosptails/html-fullwidth/images/gallery/big/gallery-big-img7.jpg]
[sainathchillapuram.com/BS/mediplus/hosptails/html-fullwidth/images/gallery/thumb/gallery-thumb-img8.jpg]
[sainathchillapuram.com/BS/mediplus/hosptails/html-fullwidth/images/gallery/big/gallery-big-img8.jpg]
[sainathchillapuram.com/BS/mediplus/hosptails/html-fullwidth/images/gallery/thumb/gallery-thumb-img9.jpg]
[sainathchillapuram.com/BS/mediplus/hosptails/html-fullwidth/images/gallery/big/gallery-big-img9.jpg]
[sainathchillapuram.com/BS/mediplus/hosptails/html-fullwidth/gallery.html]
[sainathchillapuram.com/BS/mediplus/hosptails/html-fullwidth/faqs.html]
[sainathchillapuram.com/BS/mediplus/hosptails/html-fullwidth/typography.html]
[sainathchillapuram.com/BS/mediplus/hosptails/html-fullwidth/404.html]
[sainathchillapuram.com/BS/mediplus/hosptails/html-fullwidth/images/news/news-post-img1.jpg]
[sainathchillapuram.com/BS/mediplus/hosptails/html-fullwidth/images/news/news-post-img3.jpg]
[sainathchillapuram.com/BS/mediplus/hosptails/html-fullwidth/images/news/news-post-img2.jpg]
[sainathchillapuram.com/BS/mediplus/hosptails/html-fullwidth/news.html]
[sainathchillapuram.com/BS/mediplus/hosptails/html-fullwidth/news-single.html]
[sainathchillapuram.com/BS/mediplus/hosptails/html-fullwidth/images/avatar-1.png]
[sainathchillapuram.com/BS/mediplus/hosptails/html-fullwidth/contact.html]
[sainathchillapuram.com/BS/mediplus/hosptails/html-fullwidth/images/contact/contact-info-box-img1.png]
[sainathchillapuram.com/BS/mediplus/hosptails/html-fullwidth/fonts/glyphicons-halflings-regular.svg]
[sainathchillapuram.com/BS/mediplus/hosptails/html-fullwidth/font-awesome/fonts/fontawesome-webfont93e3.svg]
